Retrieving commandline, environment, or config file variable ocannl_log_level
Found 0, in the config file
bigrams: 228146
input_size: 229000
┌──────────────────────────────────────────────────┐
│[9]: w shape 1:28->0:28                           │
│┌──────┬─────────────────────────────────────────┐│
││      │axis 1                                   ││
│├──────┼─────────────────────────────────────────┤│
││axis 0│ 8.00e-1  4.67e-1  ...  6.97e-1  5.07e-1 ││
││      │ 5.01e-1  4.22e-1  ...  6.50e-1  6.34e-2 ││
││      │ ...      ...      ...  ...      ...     ││
││      │ 4.46e-1  5.44e-1  ...  2.62e-1  7.72e-1 ││
││      │ 8.92e-1  6.95e-1  ...  2.32e-1  4.84e-2 ││
│└──────┴─────────────────────────────────────────┘│
└──────────────────────────────────────────────────┘
Epoch 0, loss=2.944726
                                                                                                                                  #38 /._batch_loss
                                                                                                                                   2.94
                                                                                                                                  #39 grad_/._batch_loss Virt/40
                                                                                                                                  <void>
                                                                                                                               #36 => Local/9046                                                                                                                                  │#35 1000 Virt/40
                                                                                                                               <void>                                                                                                                                             │<void>
                                                                                                                               #37 grad_=> Virt/40                                                                                                                                │
                                                                                                                               <void>                                                                                                                                             │
                                                                                                                            #33 neg_loss Virt/15                                                                                                                                  │
                                                                                                                            <void>                                                                                                                                                │
                                                                                                                            #34 grad_neg_loss Virt/151                                                                                                                            │
                                                                                                                            <void>                                                                                                                                                │
                                                                                                                              #31 log Virt/15                                                                                                                                     │
                                                                                                                              <void>                                                                                                                                              │
                                                                                                                              #32 grad_log Virt/151                                                                                                                               │
                                                                                                                              <void>                                                                                                                                              │
                                                                                                                       #29 =>_output_probs Virt/151                                                                                                                               │
                                                                                                                       <void>                                                                                                                                                     │
                                                                                                                       #30 grad_=>_output_probs Local/1046                                                                                                                        │
                                                                                                                       <void>                                                                                                                                                     │
                                                                                                                               #27 *. Virt/15                                                                                                                                     │
                                                                                                                               <void>                                                                                                                                             │
                                                                                                                               #28 grad_*. Virt/151                                                                                                                               │
                                                                                                                               <void>                                                                                                                                             │
                                                       #20 /._mlp_@|_input_gram Virt/15                                                             │                                                  #3 @|_output_gram Virt/15                                                  │
                                                       <void>                                                                                       │                                                  <void>                                                                     │
                                                       #21 grad_/._mlp_@|_input_gram Virt/151                                                       │#1 tensor                                                                                                                    │
                                                       <void>                                                                                       │ 0.00  0.00  ...  0.00  0.00 │ 0.00  0.00  ...  0.00  0.00 │ ... │ 0.00  0.00  ...  0.00  0.00 │ 0.00  0.00  ...  0.00  0.00 │
[#16 exp_counts]│                                                      #18 => Local/1046                                                            │ 0.00  0.00  ...  0.00  0.00 │ 0.00  0.00  ...  0.00  0.00 │     │ 0.00  0.00  ...  0.00  0.00 │ 0.00  0.00  ...  0.00  0.00 │
                │                                                      <void>                                                                       │ ...   ...   ...  ...   ...  │ ...   ...   ...  ...   ...  │     │ ...   ...   ...  ...   ...  │ ...   ...   ...  ...   ...  │
                │                                                      #19 grad_=> Local/1046                                                       │ 0.00  0.00  ...  0.00  0.00 │ 1.00  0.00  ...  0.00  0.00 │     │ 0.00  0.00  ...  0.00  0.00 │ 0.00  0.00  ...  0.00  0.00 │
                │                                                      <void>                                                                       │ 0.00  0.00  ...  0.00  0.00 │ 0.00  0.00  ...  0.00  0.00 │     │ 0.00  0.00  ...  0.00  0.00 │ 1.00  0.00  ...  0.00  0.00 │
                │                                                   #16 exp_counts Virt/15                                                          │                                                                                                                             │
                │                                                   <void>                                                                          │                                                                                                                             │
                │                                                   #17 grad_exp_counts Virt/151                                                    │                                                                                                                             │
                │                                                   <void>                                                                          │                                                                                                                             │
                │#14 * Virt/151                                                                                                                     │                                                                                                                             │
                │<void>                                                                                                                             │                                                                                                                             │
                │#15 grad_* Local/1046                                                                                                              │                                                                                                                             │
                │<void>                                                                                                                             │                                                                                                                             │
                │├─#12 + Local/1046                                                                                                                 │                                                                                                                             │
                ││ <void>                                                                                                                           │                                                                                                                             │
                ││ #13 grad_+ Local/9046                                                                                                            │                                                                                                                             │
                ││ <void>                                                                                                                           │                                                                                                                             │
                ││ ├─[#9 w]                                                                                                                         │                                                                                                                             │
                ││ └─#11 1 Virt/40                                                                                                                  │                                                                                                                             │
                ││   <void>                                                                                                                         │                                                                                                                             │
                │└─#2 @|_input_gram Virt/15                                                                                                         │                                                                                                                             │
                │  <void>                                                                                                                           │                                                                                                                             │
                │  └─#0 tensor                                                                                                                      │                                                                                                                             │
                │     1.00  0.00  ...  0.00  0.00 │ 0.00  0.00  ...  0.00  0.00 │ ... │ 1.00  0.00  ...  0.00  0.00 │ 0.00  0.00  ...  0.00  0.00   │                                                                                                                             │
                │     0.00  0.00  ...  0.00  0.00 │ 0.00  0.00  ...  0.00  0.00 │     │ 0.00  0.00  ...  0.00  0.00 │ 0.00  0.00  ...  0.00  0.00   │                                                                                                                             │
                │     ...   ...   ...  ...   ...  │ ...   ...   ...  ...   ...  │     │ ...   ...   ...  ...   ...  │ ...   ...   ...  ...   ...    │                                                                                                                             │
                │     0.00  0.00  ...  0.00  0.00 │ 0.00  0.00  ...  1.00  0.00 │     │ 0.00  0.00  ...  0.00  0.00 │ 0.00  0.00  ...  0.00  1.00   │                                                                                                                             │
                │     0.00  0.00  ...  0.00  0.00 │ 1.00  0.00  ...  0.00  0.00 │     │ 0.00  0.00  ...  0.00  0.00 │ 0.00  0.00  ...  0.00  0.00   │                                                                                                                             │oneriq
enay
psjda
cece
agrilyxvfgxh
ygkzldvi
kvvupmvqowenn

fon
dbjona
tfcbturiiuey
renin
bi
linan
qli
wida
kush
d
qnkjeujdbbhsvfkwerk
ays
