Retrieving commandline, environment, or config file variable ocannl_log_level
Found 0, in the config file
Half-moons scatterplot and decision boundary:
┌────────────────────────────────────────────────────────────────────────────────────────────────────┐
│****************************************#***********************************************************│
│********************************##*#*******#********************************************************│
│*******************#******#*#**#**##**##*#**#***#**************************************************.│
│***************#********#***#**#**#**#*#*##**##**##**********************************************...│
│*************#****#*###**#*##*#*##***##*#######******#******************************************....│
│*****************#*#****#***#***#*#*#*********#*##*##*****************************************......│
│************#***##*###***#*#********#**#***##*#***##***#************************************........│
│**********#***#****#####*#***###******#*#*#***#***#***#*##**#******************************.........│
│***********####*#***#****#*#*****##****#**********##**************************************..........│
│*********#****#***#**##*#*#*#*******#**##*#*##*##*#*#**#**##*****************************...........│
│**********#**#*###**#***************.....**#***#***#**#*##***#*************************.............│
│***#**#****###*##*#*##*********...%........****##*##**#*#*#***************************..............│
│***#**#**#*#***###**#*#****......%......%...*****#***#****#****#*********************...............│
│********#**###***#********...................***#***#*#**#***###********************....%.%....%....│
│**#********####*#**#*****.....%......%.%.......*****#**##***##***#*****************...............%.│
│****##*****##****#******......%......%..........******#**#*#*#*##*#***************..............%...│
│***#*#**#***#*#*********.......%.%.....%.........****#*##*#*#****#***************............%.%.%..│
│*#*#**#**#*#***#*******........%.%.%%.%...........******###*****#*###***********........%.%..%...%.%│
│****##**##************..................%...........*****###*##**#*#***********..........%%%..%.%%..│
│***#***##*##*********........%.%%.%%%.%..............****#*#*####*#*#*********..........%%%%.%..%...│
│#*#*#*#**#*#*********........%....%.%.%%%.............****#******************...........%....%.%.%..│
│##*##***#**#********.........%...%%.%%..%..%............******#***#*#*******.....................%%.│
│*#**#******#********.............%..%...%%...............***##***#*###*****..........%.%%.%..%......│
│#***#*##**#********..............%...%...%................*******#**#*****............%.%%.%%%..%%%.│
│*#*##***##********...............%.%%%.%....................###**#*##****..............%.%%.........│
│******#*#*********................%%.%.%%%%..................*******#***.........%.%..%%..%..%......│
│*****#****#******.....................%.%.%...................#.***#***...........%.%..%..%.%..%%%..│
│*****##**********...............%...%...%%.%%..%..................*#**..........%....%%%.%%..%......│
│****************..................%..%.%%.%%.%..%%.%%...........#.##..............%%%%.........%....│
│****************...................%%..%...%..%%%%..........................%%%.....%.%..%.%........│
│***************.......................%..%.%..%..%....................%..%..%%%%.%.%%%%%...%%.......│
│***************.....................%%...%%%.%%%%.%.%.%%.....%...........%.%%%%%.%....%.%...........│
│**************..........................%..%.......%.%%%....%%.%..%%%.%%..%.%.%.%..%................│
│**************..........................%...%%..%....%..%%.%%.%.%....%....%%%..%.%%..%.%............│
│*************..............................%%....%..%.%%%..%%%....%%.%...%%...%%...%%...%%..........│
│*************................................%.%..%..%%%%%.%....%%...%%.%..%..%....%................│
│************...............................%............%..%%.....%%..%.%.%....%....................│
│************.......................................%...%.%..%.%.......%%...%........................│
│***********.............................................%%%.....%.%..%..%.....%..%..................│
│***********...........................................%....%%%%.%.%.%....%..........................│
└────────────────────────────────────────────────────────────────────────────────────────────────────┘Loss:
┌────────┬────────────────────────────────────────────────────────────────────────────────────────────────────┐
│ 2.38e+1│-                                                                                                   │
│        │                                                                                                    │
│        │                                                                                                    │
│        │                                                                                                    │
│        │                                                                                                    │
│        │                                                                                                    │
│        │                                                                                                    │
│        │                                                                                                    │
│        │                                                                                                    │
│        │                                                                                                    │
│        │                                                                                                    │
│        │                                                                                                    │
│        │                                                                                                    │
│        │                                                                                                    │
│        │                                                                                                    │
│        │                                                                                                    │
│        │                                                                                                    │
│        │                                                                                                    │
│l       │                                                                                                    │
│o       │                                                                                                    │
│s       │                                                                                                    │
│s       │                                                                                                    │
│        │                                                                                                    │
│        │                                                                                                    │
│        │                                                                                                    │
│        │                                                                                                    │
│        │                                                                                                    │
│        │                                                                                                    │
│        │                                                                                                    │
│        │                                                                                                    │
│        │                                                                                                    │
│        │                                                                                                    │
│        │-                                                                                                   │
│        │                                                                                                    │
│        │ - - -    -                                                                                         │
│        │- -   ---                                                                                           │
│        │   - ---  - -- ---  ---  - -                                                                        │
│        │----  - - --     -- ---- ---- ---- ---  -- -            -                                           │
│        │--------- ---- ---- ---- ---- ---- ---- ---- ---- ---  ---- ---    -- -     -     -             -   │
│ 0.00   │----------------------------------------------------------------------------------------------------│
├────────┼────────────────────────────────────────────────────────────────────────────────────────────────────┤
│        │0.00                                                                                         6.39e+3│
│        │                                                step                                                │
└────────┴────────────────────────────────────────────────────────────────────────────────────────────────────┘Log-loss, for better visibility:
┌─────────┬────────────────────────────────────────────────────────────────────────────────────────────────────┐
│ 3.17    │-                                                                                                   │
│         │                                                                                                    │
│         │                                                                                                    │
│         │                                                                                                    │
│         │                                                                                                    │
│         │-                                                                                                   │
│         │ - - -    -                                                                                         │
│         │- -  ----                                                                                           │
│         │   -  --- - -- ---- ---- ---     -                                                                  │
│         │----  -    --- ---- ---- ---- ---- ---- ---- -- -      --                                           │
│         │---- ---- ---- ---- ---- ---- ---- ---- -- -   -   -   -  -        --       -                   -   │
│         │------ -  --  ----- ---   --- -- -  -   -  - -- - - --  --  ---       -           -                 │
│         │- -  ---- -      -     - -      -        --    -  ---       -                    -     -   -     -  │
│         │    -   --- -  --- - --    -- -                        - --  - -   -- ----   -                    - │
│         │---  -     -  --   ----- --        - -                        --  -    -    --  -  - -- -   -- - -  │
│         │- -  -  ---   - -- - -  ----- ----  - - -            --          -       - -- - - --   -  -     -   │
│l        │--- ---  ---- - -- ----  -    --   - -          -  - --- -- --- - -   -  -  - -    --             - │
│o        │- - -   -      -     -    ---   -  -      -- -- - -- ----  --  -  ----- -------- - ---- --- ----    │
│g        │-  ---- -- --   - -  ----    -     -- ---- - ------ -   - -- -  --  ------ -- - --  -- --- --- -----│
│         │---  - -- -    ---  ---  ---   -  - --  -- --------- -- -- --- - -     -  -     --    --- - ---- -  │
│l        │-  ------- ---     -  -     -  ---      ---    --    ---- --    -- - --   -    -  -     --    --  --│
│o        │--- -   --         --  -     -  --     -- --- - --- ----    -   -   - --   -       -  - -  - -  - - │
│s        │-  - -----    -    -  - -   ---- - ----    - -  -- ---     -    -   -     --     -      -           │
│s        │- -  --              -    -   - ------ -    - -       -   - -  -  - -- -       -  -           -  -  │
│         │-  - -  --       -        -      -  --- -- -- -  - -   -    --       --          - -                │
│         │   -   -     -              -       - ------ -  - -                  -         -    - -     -       │
│         │ - --        -   -         -   -    -   -      -       -            - -                    -        │
│         │    -   --    -             -    -  - - -   - -   -     -         -                              -  │
│         │     -       -             -  -  --     -     -    - -                       -      -              -│
│         │      -       -    -                     -                                    -                     │
│         │-                                    -   -  -          -                         - -            -   │
│         │   -                                -  - -  --                                                      │
│         │ -                                   -                                                              │
│         │                                   -                                        -                       │
│         │                                       -    -             -                                         │
│         │                                    -       -                                                       │
│         │         -                                                                                          │
│         │                                   -                                                                │
│         │         -                                                                                          │
│ -1.00e+1│----------------------------------------------------------------------------------------------------│
├─────────┼────────────────────────────────────────────────────────────────────────────────────────────────────┤
│         │0.00                                                                                         6.39e+3│
│         │                                                step                                                │
└─────────┴────────────────────────────────────────────────────────────────────────────────────────────────────┘
Learning rate:
┌─────────┬────────────────────────────────────────────────────────────────────────────────────────────────────┐
│ -1.00e-1│                                                                                                   -│
│         │                                                                                                 ---│
│         │                                                                                              ----  │
│         │                                                                                            ---     │
│         │                                                                                         ----       │
│         │                                                                                       ---          │
│         │                                                                                    ----            │
│         │                                                                                  ---               │
│         │                                                                               ----                 │
│         │                                                                            ----                    │
│         │                                                                          ---                       │
│         │                                                                       ----                         │
│         │                                                                     ---                            │
│l        │                                                                  ----                              │
│e        │                                                                ---                                 │
│a        │                                                             ----                                   │
│r        │                                                          ----                                      │
│n        │                                                        ---                                         │
│i        │                                                     ----                                           │
│n        │                                                   ---                                              │
│g        │                                                ----                                                │
│         │                                              ---                                                   │
│r        │                                           ----                                                     │
│a        │                                         ---                                                        │
│t        │                                      ----                                                          │
│e        │                                   ----                                                             │
│         │                                 ---                                                                │
│         │                              ----                                                                  │
│         │                            ---                                                                     │
│         │                         ----                                                                       │
│         │                       ---                                                                          │
│         │                    ----                                                                            │
│         │                 ----                                                                               │
│         │               ---                                                                                  │
│         │            ----                                                                                    │
│         │          ---                                                                                       │
│         │       ----                                                                                         │
│         │     ---                                                                                            │
│         │  ----                                                                                              │
│ -2.00e-1│---                                                                                                 │
├─────────┼────────────────────────────────────────────────────────────────────────────────────────────────────┤
│         │0.00                                                                                         6.39e+3│
│         │                                                step                                                │
└─────────┴────────────────────────────────────────────────────────────────────────────────────────────────────┘mlp_result's name: mlp_point_mlp_result
(mlp moons_input) name: mlp_moons_input
