
c_fwd (): /* c fwd */
  for i3 = 0 to 2 { for i4 = 0 to 4 { r3x5_a[i3, i4] := 5*i3+i4; } }
  for i7 = 0 to 4 { for i8 = 0 to 3 { r5x4_b[i7, i8] := 4*i7+i8; } }
  for i17 = 0 to 3 {
    for i18 = 0 to 2 {
      c[i17, i18] := v1_n2 {
        v1_n2 := 0;
        for i19 = 0 to 4 {
          v1_n2 := fma(r3x5_a[i18, i19], r5x4_b[i19, i17], v1_n2);
        }
      };
    }
  }
  /* end */