
Welcome to OCANNL! Reading configuration defaults from /Users/lukstafi/ocannl/_build/default/test/einsum/ocannl_config.
Retrieving commandline, environment, or config file variable ocannl_log_level
Found 0, in the config file
Tnode: collecting accessible arrays...
n5 grad_b2 as b2.grad: Local/26046; single prec 16; mem in bytes: <not-in-yet>
n22 + as n22: Local/1046; double prec 10x16; mem in bytes: <not-in-yet>
n32 * as n32: Local/1046; double prec 10x1; mem in bytes: <not-in-yet>
n34 +_mlp_@|_moons_input as mlp_moons_input: Virt/15; double prec 10x1; mem in bytes: <not-in-yet>
n39 - as n39: Local/1046; double prec 10x1; mem in bytes: <not-in-yet>
n51 *. as n51: Virt/152; double prec 1; mem in bytes: <not-in-yet>
n59 - as n59: Virt/152; single prec 1; mem in bytes: <not-in-yet>
n64 sgd_momentum_b1 as sgd_momentum_b1: unknown; single prec <not-in-yet>; mem in bytes: <not-in-yet>
n70 *. as n70: Virt/15; single prec 16; mem in bytes: <not-in-yet>
n78 *. as n78: Virt/15; single prec 16x2; mem in bytes: <not-in-yet>
n83 sgd_delta_w3 as sgd_delta_w3: Virt/15; single prec 1x16; mem in bytes: <not-in-yet>
n84 sgd_momentum_w3 as sgd_momentum_w3: unknown; single prec <not-in-yet>; mem in bytes: <not-in-yet>
n93 grad_relu as relu.grad: unknown; single prec 16; mem in bytes: <not-in-yet>
n4 b2 as b2: Host&stream/412410; single prec 16; mem in bytes: 64
n13 grad_w3 as w3.grad: Local/26046; single prec 1x16; mem in bytes: <not-in-yet>
n47 grad_/._scalar_loss as scalar_loss.grad: Virt/40; single prec 1; mem in bytes: <not-in-yet>
n49 **. as n49: Virt/40; single prec 1; mem in bytes: <not-in-yet>
n50 -1. as n50: Virt/40; single prec 1; mem in bytes: <not-in-yet>
n56 80. as n56: Virt/40; single prec 1; mem in bytes: <not-in-yet>
n61 *. as n61: Virt/152; single prec 1; mem in bytes: <not-in-yet>
n79 sgd_delta_w2 as sgd_delta_w2: Virt/15; single prec 16x16; mem in bytes: <not-in-yet>
n92 relu as relu: Local/1046; single prec 16; mem in bytes: <not-in-yet>
n6 b3 as b3: Host&stream/412410; single prec 1; mem in bytes: 4
n55 !@ as n55: Virt/152; single prec 1; mem in bytes: <not-in-yet>
n65 0.0001 as n65: Virt/40; single prec 1; mem in bytes: <not-in-yet>
n29 grad_+ as n28.grad: Local/1046; single prec 10x16; mem in bytes: <not-in-yet>
n35 grad_+_mlp_@|_moons_input as mlp_moons_input.grad: Local/1046; single prec 10x1; mem in bytes: <not-in-yet>
n41 relu_margin_loss as relu_margin_loss: Virt/15; double prec 10x1; mem in bytes: <not-in-yet>
n77 0.0001 as n77: Virt/40; single prec 1; mem in bytes: <not-in-yet>
n94 * as n94: Local/1046; single prec 16; mem in bytes: <not-in-yet>
n7 grad_b3 as b3.grad: Local/26046; single prec 1; mem in bytes: <not-in-yet>
n20 * as n20: Local/1046; double prec 10x16; mem in bytes: <not-in-yet>
n21 grad_* as n20.grad: Local/1046; single prec 10x16; mem in bytes: <not-in-yet>
n33 grad_* as n32.grad: Local/1046; single prec 10x1; mem in bytes: <not-in-yet>
n43 10. as n43: Virt/40; single prec 1; mem in bytes: <not-in-yet>
n54 80. as n54: Virt/40; single prec 1; mem in bytes: <not-in-yet>
n63 sgd_delta_b1 as sgd_delta_b1: Virt/15; single prec 16; mem in bytes: <not-in-yet>
n67 sgd_delta_b2 as sgd_delta_b2: Virt/15; single prec 16; mem in bytes: <not-in-yet>
n81 0.0001 as n81: Virt/40; single prec 1; mem in bytes: <not-in-yet>
n86 *. as n86: Virt/15; single prec 1x16; mem in bytes: <not-in-yet>
n95 grad_* as n94.grad: unknown; single prec 16; mem in bytes: <not-in-yet>
n2 b1 as b1: Host&stream/412410; single prec 16; mem in bytes: 64
n11 grad_w2 as w2.grad: Local/26046; single prec 16x16; mem in bytes: <not-in-yet>
n25 grad_relu as relu.grad: Local/1046; single prec 10x16; mem in bytes: <not-in-yet>
n45 grad_=> as n44.grad: Virt/40; single prec 1; mem in bytes: <not-in-yet>
n69 0.0001 as n69: Virt/40; single prec 1; mem in bytes: <not-in-yet>
n10 w2 as w2: Host&stream/412410; single prec 16x16; mem in bytes: 1_024
n27 grad_* as n26.grad: Local/1046; single prec 10x16; mem in bytes: <not-in-yet>
n36 *. as n36: Virt/15; double prec 10x1; mem in bytes: <not-in-yet>
n44 => as n44: Local/1046; double prec 1; mem in bytes: <not-in-yet>
n58 *. as n58: Virt/40; single prec 1; mem in bytes: <not-in-yet>
n68 sgd_momentum_b2 as sgd_momentum_b2: unknown; single prec <not-in-yet>; mem in bytes: <not-in-yet>
n97 grad_+ as n96.grad: unknown; single prec 16; mem in bytes: <not-in-yet>
n52 /. as n52: Host&stream/412410; double prec 1; mem in bytes: <not-in-yet>
n38 1. as n38: Virt/40; single prec 1; mem in bytes: <not-in-yet>
n88 * as n88: Local/1046; single prec 16; mem in bytes: <not-in-yet>
n99 grad_relu as relu.grad: unknown; single prec 16; mem in bytes: <not-in-yet>
n9 grad_w1 as w1.grad: Local/26046; single prec 16x2; mem in bytes: <not-in-yet>
n26 * as n26: Local/1046; double prec 10x16; mem in bytes: <not-in-yet>
n31 grad_relu as relu.grad: Local/1046; single prec 10x16; mem in bytes: <not-in-yet>
n60 0.1 as n60: Virt/40; single prec 1; mem in bytes: <not-in-yet>
n72 sgd_momentum_b3 as sgd_momentum_b3: unknown; single prec <not-in-yet>; mem in bytes: <not-in-yet>
n98 relu as relu: Virt/15; single prec 16; mem in bytes: <not-in-yet>
n0 moons_flat as moons_flat: Host-const/37; double prec 40x10x2; mem in bytes: 6_400
n12 w3 as w3: Host&stream/412410; single prec 1x16; mem in bytes: 64
n46 /._scalar_loss as scalar_loss: Host&stream/412410; double prec 1; mem in bytes: 8
n71 sgd_delta_b3 as sgd_delta_b3: Virt/152; single prec 1; mem in bytes: <not-in-yet>
n73 0.0001 as n73: Virt/40; single prec 1; mem in bytes: <not-in-yet>
n90 + as n90: Virt/15; single prec 16; mem in bytes: <not-in-yet>
n24 relu as relu: Local/1046; double prec 10x16; mem in bytes: <not-in-yet>
n30 relu as relu: Local/1046; double prec 10x16; mem in bytes: <not-in-yet>
n82 *. as n82: Virt/15; single prec 16x16; mem in bytes: <not-in-yet>
n85 0.0001 as n85: Virt/40; single prec 1; mem in bytes: <not-in-yet>
n91 grad_+ as n90.grad: unknown; single prec 16; mem in bytes: <not-in-yet>
n28 + as n28: Local/1046; double prec 10x16; mem in bytes: <not-in-yet>
n42 grad_relu_margin_loss as relu_margin_loss.grad: Local/1046; single prec 10x1; mem in bytes: <not-in-yet>
n62 /._learning_rate as learning_rate: Host&stream/412410; single prec 1; mem in bytes: <not-in-yet>
n66 *. as n66: Virt/15; single prec 16; mem in bytes: <not-in-yet>
n87 point as point: Host-const/37; single prec 2; mem in bytes: 8
n89 grad_* as n88.grad: unknown; single prec 16; mem in bytes: <not-in-yet>
n8 w1 as w1: Host&stream/412410; single prec 16x2; mem in bytes: 128
n14 @|_moons_input as moons_input: Local/1046; double prec 10x2; mem in bytes: <not-in-yet>
n74 *. as n74: Virt/152; single prec 1; mem in bytes: <not-in-yet>
n75 sgd_delta_w1 as sgd_delta_w1: Virt/15; single prec 16x2; mem in bytes: <not-in-yet>
n17 @|_moons_class as moons_class: Local/1046; double prec 10x1; mem in bytes: <not-in-yet>
n76 sgd_momentum_w1 as sgd_momentum_w1: unknown; single prec <not-in-yet>; mem in bytes: <not-in-yet>
n103 grad_+_mlp_point as mlp_point.grad: unknown; single prec 1; mem in bytes: <not-in-yet>
n3 grad_b1 as b1.grad: Local/26046; single prec 16; mem in bytes: <not-in-yet>
n37 grad_*. as n36.grad: Local/1046; single prec 10x1; mem in bytes: <not-in-yet>
n57 2. as n57: Virt/40; single prec 1; mem in bytes: <not-in-yet>
n80 sgd_momentum_w2 as sgd_momentum_w2: unknown; single prec <not-in-yet>; mem in bytes: <not-in-yet>
n102 +_mlp_point as mlp_point: Host&stream/412410; single prec 1; mem in bytes: <not-in-yet>
n1 moons_classes as moons_classes: Host-const/37; double prec 40x10x1; mem in bytes: 3_200
n23 grad_+ as n22.grad: Local/1046; single prec 10x16; mem in bytes: <not-in-yet>
n40 grad_- as n39.grad: Local/1046; single prec 10x1; mem in bytes: <not-in-yet>
n100 * as n100: Local/1046; single prec 1; mem in bytes: <not-in-yet>
n48 2. as n48: Virt/40; single prec 1; mem in bytes: <not-in-yet>
n53 1. as n53: Virt/40; single prec 1; mem in bytes: <not-in-yet>
n96 + as n96: Virt/15; single prec 16; mem in bytes: <not-in-yet>
n101 grad_* as n100.grad: unknown; single prec 1; mem in bytes: <not-in-yet>
Tnode: Finished printing headers.
mlp_result's name: mlp_point
(mlp moons_input) name: mlp_moons_input
