Retrieving commandline, environment, or config file variable ocannl_log_level
Found 0, in the config file

Testing diagonal tensor initialization:
HERE: test/einsum/test_surjectivity.ml:23:21
┌──────────────────────────────────────┐
│[1]: =>_diagonal shape 0:6,1:6        │
│┌──────┬─────────────────────────────┐│
││      │axis 1                       ││
│├──────┼─────────────────────────────┤│
││axis 0│ 0.00  0.00  ...  0.00  0.00 ││
││      │ 0.00  1.00  ...  0.00  0.00 ││
││      │ ...   ...   ...  ...   ...  ││
││      │ 0.00  0.00  ...  4.00  0.00 ││
││      │ 0.00  0.00  ...  0.00  5.00 ││
│└──────┴─────────────────────────────┘│
└──────────────────────────────────────┘


Testing sparse assignment with fixed index:
HERE: test/einsum/test_surjectivity.ml:37:21
┌─────────────────────────────┐
│[1]: =>_sparse shape 0:5,1:1 │
│┌──────┬──────┐              │
││      │axis 1│              │
│├──────┼──────┤              │
││axis 0│ 0.00 │              │
││      │ 1.00 │              │
││      │ 2.00 │              │
││      │ 3.00 │              │
││      │ 4.00 │              │
│└──────┴──────┘              │
└─────────────────────────────┘


Testing multiple sparse axes:
HERE: test/einsum/test_surjectivity.ml:51:21
┌───────────────────────────────────────┐
│[1]: =>_result shape 0:3,1:2,2:4       │
│┌──────┬──────────────────────────────┐│
││      │axis 2                        ││
│├──────┼──────────────────────────────┤│
││0 @ 0 │ 0.00  0.00  0.00  0.00       ││
││axis 1│ 0.00  1.00  2.00  3.00       ││
│├──────┼──────────────────────────────┤│
││1 @ 0 │ 0.00  0.00  0.00  0.00       ││
││axis 1│ 4.00  5.00  6.00  7.00       ││
│├──────┼──────────────────────────────┤│
││2 @ 0 │ 0.00  0.00  0.00     0.00    ││
││axis 1│ 8.00  9.00  1.00e+1  1.10e+1 ││
│└──────┴──────────────────────────────┘│
└───────────────────────────────────────┘

All surjectivity tests completed.
