
Welcome to OCANNL! Reading configuration defaults from /Users/lukstafi/ocannl/_build/default/arrayjit/test/ocannl_config.
Retrieving commandline, environment, or config file variable ocannl_log_level
Found 0, in the config file
Testing BFloat16 conversions:
  0.000000 -> 0x0000 -> 0.000000
  1.000000 -> 0x3f80 -> 1.000000
  -1.000000 -> 0xbf80 -> -1.000000
  3.141590 -> 0x4049 -> 3.140625
  0.001000 -> 0x3a83 -> 0.000999
  1000.000000 -> 0x447a -> 1000.000000
  inf -> 0x7f80 -> inf
  -inf -> 0xff80 -> -inf

BFloat16 array values:
  [0] = 1.000000
  [1] = 2.000000
  [2] = 3.140625
  [3] = -1.500000
  [4] = 0.125000
  [5] = 1000.000000


Testing FP8 conversions:
  0.000000 -> 0x00 -> 0.000000
  1.000000 -> 0x3c -> 1.000000
  -1.000000 -> 0xbc -> -1.000000
  0.500000 -> 0x38 -> 0.500000
  2.000000 -> 0x40 -> 2.000000
  0.125000 -> 0x30 -> 0.125000
  16.000000 -> 0x4c -> 16.000000
  -0.250000 -> 0xb4 -> -0.250000

FP8 array values:
  [0] = 1.000000
  [1] = 0.500000
  [2] = 2.000000
  [3] = -1.000000
