Retrieving commandline, environment, or config file variable ocannl_log_level
Found 0, in the config file
Testing basic mini decoder model
Output shape:
((batch
  ((dims
    ((Dim ((d 2) (label ()) (proj_id ((Proj_id 418)))))
     (Dim ((d 8) (label ()) (proj_id ((Proj_id 419)))))))
   (bcast Broadcastable) (prov (((sh_id 154) (kind Batch))))))
 (input
  ((dims ()) (bcast Broadcastable) (prov (((sh_id 154) (kind Input))))))
 (output
  ((dims ((Dim ((d 100) (label ()) (proj_id ((Proj_id 420)))))))
   (bcast Broadcastable) (prov (((sh_id 154) (kind Output))))))
 (batch_padding ()) (input_padding ()) (output_padding ()) (id 154)
 (debug_name layer_norm))
