
n3_fwd (): /* n3 fwd */
  for i2 = 0 to 5 { random_seed<uint4x32>[i2] := 0x2A; }
  for i4 = 0 to 5 { n1<uint4x32>[i4] := i4; }
  for i6 = 0 to 5 {
    threefry4x32_random_bits<uint4x32>[i6] := (random_seed<uint4x32>[i6] ^^^^ n1<uint4x32>[i6]);
  }
  for i8 = 0 to 5 {
    n3<half>[8*i8]<8> := uint4x32_to_prec_uniform(threefry4x32_random_bits<uint4x32>[i8], <8>);
  }
  /* end */