Retrieving commandline, environment, or config file variable ocannl_log_level
Found 0, in the config file
Generated 4 uniform random numbers:
  [0]: 0.440217
  [1]: 0.459163
  [2]: 0.927131
  [3]: 0.356514
