Retrieving commandline, environment, or config file variable ocannl_log_level
Found 0, in the config file
Generated 11 uniform random numbers:
  [0]: 0.237546
  [1]: 0.820663
  [2]: 0.062128
  [3]: 0.174579
  [4]: 0.706292
  [5]: 0.321559
  [6]: 0.706266
  [7]: 0.859125
  [8]: 0.717724
  [9]: 0.819589
  [10]: 0.504027
