
d_fwd (): /* d fwd */
  n6<half>[0] := (a<half>[0] + b<half>[0]);
  d<bfloat16>[0] := (n6<half>[0] * c<bfloat16>[0]);
  /* end */